// Jest Snapshot v1, https://goo.gl/fbAQLP

exports[`<Area/> matches snapshot 1`] = `
<Area>
  <p>
    loading area...
  </p>
</Area>
`;
